C51 COMPILER V9.01   SHOW                                                                  03/15/2020 10:10:08 PAGE 1   


C51 COMPILER V9.01, COMPILATION OF MODULE SHOW
OBJECT MODULE PLACED IN show.obj
COMPILER INVOKED BY: C:\Keil\C51\BIN\C51.EXE nixieTube\show.c BROWSE DEBUG OBJECTEXTEND PRINT(.\show.lst) OBJECT(show.ob
                    -j)

line level    source

   1          #include <reg52.h>
   2          #include "../main/sysParameter.h"
   3          #include "../delay/timeDebug.h"
   4          #include "show.h"
   5          
   6          // 数码管段码，对应1-16
   7          int ledNum[16] = {0xc0, 0xf9, 0xa4, 0xb0, 0x99, 0x92, 0x82, 0xf8, 0x80, 0x90, 0x88, 0x83, 0xc6, 0xa1, 0x86
             -, 0x8e};
   8          // 数码管位码，从左到右八位
   9          int ledPos[8] = {0xfe, 0xfd, 0xfb, 0xf7, 0xef, 0xdf, 0xbf, 0x7f};
  10          
  11          /**
  12            * 功能：计算各位和十位数
  13            * 参数：十位数字的指针和各位数字的指针
  14            * 返回值：
  15            */
  16          void _compute2Bit(uint figure, uint *pUnit, uint *pDecade)
  17          {
  18   1                uint unit, decade;
  19   1            unit = figure % 10;      // 计算个位数
  20   1            decade = figure / 10;    // 计算十位数
  21   1                *pUnit = unit;           // 指针间接赋值
  22   1                *pDecade = decade;
  23   1      }
  24          
  25          /**
  26            * 功能：显示数字到数码管
  27            * 参数：需要显示的数字
  28            * 返回值：
  29            */
  30          void show2Bit(uint figure)
  31          {
  32   1          uint unit = 0; 
  33   1                uint decade = 0;
  34   1              _compute2Bit(figure, &unit, &decade);
  35   1          P2 = ledPos[0];             // P2控制数码管的位数
  36   1          P0 = ledNum[decade];        // P0控制数码管段码
  37   1          delayMS(10);
  38   1          P2 = ledPos[1];
  39   1          P0 = ledNum[unit];
  40   1          delayMS(10);
  41   1      }
  42          


MODULE INFORMATION:   STATIC OVERLAYABLE
   CODE SIZE        =    119    ----
   CONSTANT SIZE    =   ----    ----
   XDATA SIZE       =   ----    ----
   PDATA SIZE       =   ----    ----
   DATA SIZE        =     48      14
   IDATA SIZE       =   ----    ----
   BIT SIZE         =   ----    ----
END OF MODULE INFORMATION.

C51 COMPILER V9.01   SHOW                                                                  03/15/2020 10:10:08 PAGE 2   


C51 COMPILATION COMPLETE.  0 WARNING(S),  0 ERROR(S)
