C51 COMPILER V9.01   TIMEDEBUG                                                             03/08/2020 17:16:21 PAGE 1   


C51 COMPILER V9.01, COMPILATION OF MODULE TIMEDEBUG
OBJECT MODULE PLACED IN timeDebug.obj
COMPILER INVOKED BY: C:\Keil\C51\BIN\C51.EXE delay\timeDebug.c BROWSE DEBUG OBJECTEXTEND PRINT(.\timeDebug.lst) OBJECT(t
                    -imeDebug.obj)

line level    source

   1          #include "../main/sysParameter.h"
   2          
   3          /**
   4           * 功能：延时1S
   5           * 参数：
   6           * 返回值：
   7           */
   8          void delay()
   9          {
  10   1          uint i,j;
  11   1          for(i=1000;i>0;i--)
  12   1                       {
  13   2                               for(j=110;j>0;j--);
  14   2                       }
  15   1      }
  16          
  17          /**
  18           * 功能：延时xms
  19           * 参数：
  20           * 返回值：
  21           */
  22          void delayMS(uint xms)
  23          {
  24   1              uint i, j;
  25   1              for ( i = xms; i > 0; i--)
  26   1              {
  27   2                      for(j = 110; j > 0; j--);
  28   2              }
  29   1                      
  30   1      }
  31          
  32          /**
  33           * 功能：延时i个250us
  34           * 参数：
  35           * 返回值：
  36           */ 
  37          void Delayst(unsigned int i)      //延时程序,i是形式参数,i为1时 延时约250US
  38          {
  39   1              unsigned int j;
  40   1              for(;i>0;i--)             //变量i由实际参数传入一个值,因此i不能赋初值
  41   1                      for(j=0;j<31;j++)  // 此数值为125时 大约延时1MS 由此计算出为1时 延时大约8US 31X8=248US≈250US      
  42   1                      {;}
  43   1      }


MODULE INFORMATION:   STATIC OVERLAYABLE
   CODE SIZE        =     88    ----
   CONSTANT SIZE    =   ----    ----
   XDATA SIZE       =   ----    ----
   PDATA SIZE       =   ----    ----
   DATA SIZE        =   ----    ----
   IDATA SIZE       =   ----    ----
   BIT SIZE         =   ----    ----
END OF MODULE INFORMATION.

C51 COMPILER V9.01   TIMEDEBUG                                                             03/08/2020 17:16:21 PAGE 2   


C51 COMPILATION COMPLETE.  0 WARNING(S),  0 ERROR(S)
