C51 COMPILER V9.01   MAIN                                                                  03/14/2020 13:27:02 PAGE 1   


C51 COMPILER V9.01, COMPILATION OF MODULE MAIN
OBJECT MODULE PLACED IN main.obj
COMPILER INVOKED BY: C:\Keil\C51\BIN\C51.EXE main\main.c BROWSE DEBUG OBJECTEXTEND PRINT(.\main.lst) OBJECT(main.obj)

line level    source

   1          /*******************************************************************************
   2           * All rights reserved, Copyright (C) wtzhu                                             
   3           * -----------------------------------------------------------------------------
   4           * [File Name]:                         main.c
   5           * [Description]:                       验证串口中断
   6           *                              
   7           * [Author]:                            wtzhu   
   8           * [Date Of Creation]:          20200314
   9           * [Note]: 
  10           *
  11           * ------------------------------------------------------------------------------
  12           * Date                                 Author                          Modifications
  13           * ------------------------------------------------------------------------------
  14           * 20200314                             wtzhu                   Created
  15           *******************************************************************************/
  16          #include <reg52.h>
  17          
  18          #define uint unsigned int
  19          #define uchar unsigned char
  20          
  21          uchar i, a, flag_uart;
  22          uint timeFlag = 0, timeCount = 0; 
  23          uchar code table[] = "I get ";
  24          
  25          /***********************************************************/
  26          /*********************中断初始化****************************/
  27          /***********************************************************/
  28          void init()
  29          {
  30   1          TMOD = 0x21;
  31   1          TH1 = 0xfd;
  32   1          TL1 = 0xfd;
  33   1          TR1 = 1;
  34   1          TH0 = (65536 - 5000)/256;
  35   1          TL0 = (65536 - 5000)%256;
  36   1          ET0 = 1;   
  37   1          SM0 = 0;
  38   1          SM1 = 1;
  39   1          REN = 1;
  40   1          EA = 1;
  41   1          ES = 1;
  42   1      }
  43          
  44          /***********************************************************/
  45          /*********************主函数入口****************************/
  46          /***********************************************************/
  47          
  48          void main()
  49          {
  50   1          init();
  51   1          while (1)
  52   1          {
  53   2              if (flag_uart == 1)
  54   2              {
  55   3                  ES = 0;
C51 COMPILER V9.01   MAIN                                                                  03/14/2020 13:27:02 PAGE 2   

  56   3                  for ( i = 0; i < 6; i++)
  57   3                  {
  58   4                      SBUF = table[i];
  59   4                      while(!TI);
  60   4                      TI = 0;
  61   4                  }
  62   3                  SBUF = a;
  63   3                  while(!TI);
  64   3                  TI = 0;
  65   3                  ES = 1;
  66   3                  flag_uart = 0;
  67   3              }
  68   2              
  69   2          }
  70   1          
  71   1      }
  72          
  73          /***********************************************************/
  74          /*********************T0***中断程序*************************/
  75          /***********************************************************/
  76          
  77          void timer() interrupt 1
  78          {
  79   1          TH0 = (65536 - 5000)/256;
  80   1          TL0 = (65536 - 5000)%256;
  81   1          timeCount ++;
  82   1          if (timeCount == 20)
  83   1          {
  84   2              timeFlag = 1;
  85   2          }
  86   1          
  87   1      }
  88          
  89          /***********************************************************/
  90          /*********************串口中断程序***************************/
  91          /***********************************************************/
  92          
  93          void ser() interrupt 4
  94          {
  95   1          RI = 0;
  96   1          a = SBUF;
  97   1          flag_uart = 1;
  98   1      }
  99          


MODULE INFORMATION:   STATIC OVERLAYABLE
   CODE SIZE        =    117    ----
   CONSTANT SIZE    =      7    ----
   XDATA SIZE       =   ----    ----
   PDATA SIZE       =   ----    ----
   DATA SIZE        =      7    ----
   IDATA SIZE       =   ----    ----
   BIT SIZE         =   ----    ----
END OF MODULE INFORMATION.


C51 COMPILATION COMPLETE.  0 WARNING(S),  0 ERROR(S)
