C51 COMPILER V9.01   TEST                                                                  03/14/2020 16:35:45 PAGE 1   


C51 COMPILER V9.01, COMPILATION OF MODULE TEST
OBJECT MODULE PLACED IN test.OBJ
COMPILER INVOKED BY: C:\Keil\C51\BIN\C51.EXE test.c BROWSE DEBUG OBJECTEXTEND

line level    source

   1          #include <reg52.h>
   2          #define uint unsigned int
   3          #define uchar unsigned char
   4          
   5          unsigned char flag, i, a;
   6          uchar code table[] = "I get ";
   7          
   8          /***********************************************************/
   9          /*********************introduction**************************/
  10          /***********************************************************/
  11          
  12          void interruptInit()
  13          {
  14   1          TMOD = 0x20;    
  15   1          TH1 = 0xfd;     
  16   1          TL1 = 0xfd;
  17   1          // ET1 = 1;        
  18   1          TR1 = 1;        
  19   1          REN = 1;        
  20   1          SM0 = 0;       
  21   1          SM1 = 1;
  22   1          EA = 1;         
  23   1          ES = 1;         
  24   1      }
  25          
  26          /***********************************************************/
  27          /*********************introduction**************************/
  28          /***********************************************************/
  29          
  30          void main()
  31          {
  32   1          interruptInit();
  33   1          while (1)
  34   1          {
  35   2              if (flag == 1)
  36   2              {
  37   3                  ES = 0;
  38   3                  for ( i = 0; i < 6; i++)
  39   3                  {
  40   4                      SBUF = table[i];
  41   4                      while(!TI);
  42   4                      TI = 0;
  43   4                  }
  44   3                  SBUF = a;
  45   3                  while(!TI);
  46   3                  TI = 0;   
  47   3                  ES = 1;  
  48   3                  flag = 0;       
  49   3              }        
  50   2          }
  51   1      }
  52          
  53          /***********************************************************/
  54          /*********************introduction**************************/
  55          /***********************************************************/
C51 COMPILER V9.01   TEST                                                                  03/14/2020 16:35:45 PAGE 2   

  56          
  57          void ser() interrupt 4
  58          {
  59   1          RI = 0;
  60   1          a = SBUF;
  61   1          flag = 1;
  62   1      }


MODULE INFORMATION:   STATIC OVERLAYABLE
   CODE SIZE        =     79    ----
   CONSTANT SIZE    =      7    ----
   XDATA SIZE       =   ----    ----
   PDATA SIZE       =   ----    ----
   DATA SIZE        =      3    ----
   IDATA SIZE       =   ----    ----
   BIT SIZE         =   ----    ----
END OF MODULE INFORMATION.


C51 COMPILATION COMPLETE.  0 WARNING(S),  0 ERROR(S)
