C51 COMPILER V9.01   INFRARED                                                              03/22/2020 17:35:29 PAGE 1   


C51 COMPILER V9.01, COMPILATION OF MODULE INFRARED
OBJECT MODULE PLACED IN infrared.obj
COMPILER INVOKED BY: C:\Keil\C51\BIN\C51.EXE infrared\infrared.c BROWSE DEBUG OBJECTEXTEND PRINT(.\infrared.lst) OBJECT(
                    -infrared.obj)

line level    source

   1          #include "../main/sysParameter.h"
   2          #include "infrared.h"
   3          #include <reg52.h>
   4          #include "../1602Ctrl/1602Crtl.h"
   5          
   6          /************************************************************
   7          函数功能：对4个字节的用户码和键数据码进行解码
   8          说明：解码正确，返回1，否则返回0
   9          出口参数：dat
  10          *************************************************************/
  11          bit DeCode(uchar *a)
  12          {
  13   1          uchar i;
  14   1          uchar j;
  15   1              uchar temp;    //储存解码出的数据
  16   1              for(i=0;i<4;i++)      //连续读取4个用户码和键数据码
  17   1                {
  18   2                       for(j=0;j<8;j++)  //每个码有8位数字
  19   2                               {
  20   3                               temp=temp>>1;  //temp中的各数据位右移一位，因为先读出的是高位数据                                                                      
  21   3                                       TH0=0;         //定时器清0
  22   3                                   TL0=0;         //定时器清0
  23   3                                   TR0=1;         //开启定时器T0
  24   3                               while(IR==0);  //如果是低电平就等待
  25   3                                              //低电平计时
  26   3                                   TR0=0;         //关闭定时器T0
  27   3                                   LowTime=TH0*256+TL0;    //保存低电平宽度
  28   3                                   TH0=0;         //定时器清0
  29   3                                   TL0=0;         //定时器清0
  30   3                                   TR0=1;         //开启定时器T0
  31   3                                   while(IR==1);  //如果是高电平就等待
  32   3                                                         
  33   3                                   TR0=0;         //关闭定时器T0
  34   3                                   HighTime=TH0*256+TL0;   //保存高电平宽度
  35   3                                   if((LowTime<370)||(LowTime>640))
  36   3                                                  return 0;        //如果低电平长度不在合理范围，则认为出错，停止解码                 
  37   3                                   if((HighTime>420)&&(HighTime<620))   //如果高电平时间在560微秒左右，即计数560／1.085＝516次
  38   3                                         temp=temp&0x7f;       //(520-100=420, 520+100=620)，则该位是0
  39   3                                   if((HighTime>1300)&&(HighTime<1800)) //如果高电平时间在1680微秒左右，即计数1680／1.085＝1548次
  40   3                                         temp=temp|0x80;       //(1550-250=1300,1550+250=1800),则该位是1
  41   3                           }                                      
  42   2                 a[i]=temp;   //将解码出的字节值储存在a[i]                                                                                                                                                                     
  43   2          }                                            
  44   1           if(a[2] == ~a[3])  //验证键数据码和其反码是否相等,一般情况下不必验证用户码
  45   1                  return 1;     //解码正确，返回1
  46   1           else
  47   1              return 0;
  48   1      }        
  49          
  50          /*------------------二进制码转换为压缩型BCD码,并显示---------------*/
  51          
  52          void two_2_bcd(unsigned char date)
  53          {
  54   1              unsigned char temp;
C51 COMPILER V9.01   INFRARED                                                              03/22/2020 17:35:29 PAGE 2   

  55   1              temp=date;
  56   1              date&=0xf0;
  57   1              date>>=4;                    //右移四位得到高四位码
  58   1              date&=0x0f;                  //与0x0f想与确保高四位为0
  59   1              if(date<=0x09)
  60   1              {                 
  61   2                      WriteData(0x30+date);            //lcd显示键值高四位
  62   2              }
  63   1              else
  64   1              {
  65   2                      date=date-0x09;
  66   2                      WriteData(0x40+date);
  67   2              }
  68   1              date=temp;
  69   1              date&=0x0f;
  70   1              if(date<=0x09)
  71   1              {
  72   2                      WriteData(0x30+date);            //lcd显示低四位值
  73   2              }
  74   1              else
  75   1              {
  76   2                      date=date-0x09;
  77   2                      WriteData(0x40+date);
  78   2              }
  79   1              WriteData(0x48);                 //显示字符'H'
  80   1      } 


MODULE INFORMATION:   STATIC OVERLAYABLE
   CODE SIZE        =    290    ----
   CONSTANT SIZE    =   ----    ----
   XDATA SIZE       =   ----    ----
   PDATA SIZE       =   ----    ----
   DATA SIZE        =   ----       7
   IDATA SIZE       =   ----    ----
   BIT SIZE         =   ----    ----
END OF MODULE INFORMATION.


C51 COMPILATION COMPLETE.  0 WARNING(S),  0 ERROR(S)
